2024/12/14 16:31:39 ファイルに書き込む
